src/app/(console)/(dashboard)/page.tsx(58,116): error TS2339: Property 'secondary' does not exist on type '{ background: string; surface: string; card: string; elevated: string; border: string; divider: string; textPrimary: string; textSecondary: string; textMuted: string; textDisabled: string; info: string; ... 11 more ...; errorSoft: string; }'.
src/app/(console)/(dashboard)/page.tsx(58,134): error TS2339: Property 'critical' does not exist on type '{ background: string; surface: string; card: string; elevated: string; border: string; divider: string; textPrimary: string; textSecondary: string; textMuted: string; textDisabled: string; info: string; ... 11 more ...; errorSoft: string; }'.
src/app/(console)/(dashboard)/page.tsx(66,34): error TS2339: Property 'primary' does not exist on type '{ background: string; surface: string; card: string; elevated: string; border: string; divider: string; textPrimary: string; textSecondary: string; textMuted: string; textDisabled: string; info: string; ... 11 more ...; errorSoft: string; }'.
src/app/(console)/(dashboard)/page.tsx(74,34): error TS2339: Property 'critical' does not exist on type '{ background: string; surface: string; card: string; elevated: string; border: string; divider: string; textPrimary: string; textSecondary: string; textMuted: string; textDisabled: string; info: string; ... 11 more ...; errorSoft: string; }'.
src/app/(console)/(dashboard)/page.tsx(82,34): error TS2339: Property 'secondary' does not exist on type '{ background: string; surface: string; card: string; elevated: string; border: string; divider: string; textPrimary: string; textSecondary: string; textMuted: string; textDisabled: string; info: string; ... 11 more ...; errorSoft: string; }'.
src/app/(console)/(dashboard)/telemetry/page.tsx(46,143): error TS2339: Property 'secondary' does not exist on type '{ background: string; surface: string; card: string; elevated: string; border: string; divider: string; textPrimary: string; textSecondary: string; textMuted: string; textDisabled: string; info: string; ... 11 more ...; errorSoft: string; }'.
src/app/(console)/(dashboard)/telemetry/page.tsx(47,145): error TS2339: Property 'critical' does not exist on type '{ background: string; surface: string; card: string; elevated: string; border: string; divider: string; textPrimary: string; textSecondary: string; textMuted: string; textDisabled: string; info: string; ... 11 more ...; errorSoft: string; }'.
src/app/(console)/(dashboard)/telemetry/page.tsx(48,91): error TS2339: Property 'primary' does not exist on type '{ background: string; surface: string; card: string; elevated: string; border: string; divider: string; textPrimary: string; textSecondary: string; textMuted: string; textDisabled: string; info: string; ... 11 more ...; errorSoft: string; }'.
src/app/api/simulation/route.ts(3,33): error TS2724: '"@/services/statsService"' has no exported member named 'SimulationScenario'. Did you mean 'setSimulationScenario'?
src/services/statsService.ts(11,11): error TS2739: Type '{ '1m': number; '1h': number; '1d': number; '1w': number; '1M': number; '1y': number; }' is missing the following properties from type 'Record<TimeRange, number>': "15m", "6h", "12h", "24h", "7d"
src/services/statsService.ts(46,11): error TS2739: Type '{ '1m': number; '1h': number; '1d': number; '1w': number; '1M': number; '1y': number; }' is missing the following properties from type 'Record<TimeRange, number>': "15m", "6h", "12h", "24h", "7d"
